// Jest Snapshot v1, https://goo.gl/fbAQLP

exports[`Avatar renders correctly 1`] = `
<c-avatar
  class="u-display-contents"
/>
`;
