// Jest Snapshot v1, https://goo.gl/fbAQLP

exports[`ArrowComponent Page Markup 1`] = `
"<!DOCTYPE html><html><head>
		<title>[TEST] Arrow Component ‚Åï Protosite Core</title>
		<link href="http://assets.protosite.rocks/uikit/document.css" rel="stylesheet" type="text/css">
		<link href="http://assets.protosite.rocks/uikit/objects.css" rel="stylesheet" type="text/css">

		<link href="http://assets.protosite.rocks/uikit/component/arrow.css" rel="stylesheet" type="text/css">
		<script src="../arrow-component.mjs" type="module"></script>
	</head>
	<body class="t-document">
		<main class="o-container" data-testid="container">
			<section class="c-panel s-clean">
				<c-arrow></c-arrow>
			</section>
		</main>
	

</body></html>"
`;
