// Jest Snapshot v1, https://goo.gl/fbAQLP

exports[`AvatarComponent Page Markup 1`] = `
"<!DOCTYPE html><html><head>
		<title>[TEST] Avatar Component ‚Åï Protosite Core</title>
		<link href="http://assets.protosite.rocks/uikit/document.css" rel="stylesheet" type="text/css">
		<link href="http://assets.protosite.rocks/uikit/objects.css" rel="stylesheet" type="text/css">
		<link href="http://assets.protosite.rocks/uikit/component/panel.css" rel="stylesheet" type="text/css">
		<script src="../avatar-component.mjs" type="module"></script>
	</head>
	<body class="t-document">
		<main class="o-container" data-testid="container">
			<section class="c-panel s-clean">
				<c-avatar img="http://protosite.rocks/pictures/ava-3.gif" href="https://lbugaev.ru/" data-testid="avatar-1"></c-avatar>
				<c-avatar img="http://protosite.rocks/pictures/ava.gif" href="https://drawteam.ru/" target="_blank" data-testid="avatar-2"></c-avatar>
			</section>
			<section class="c-panel">
				<c-avatar img="http://protosite.rocks/pictures/ava-1.gif" size="xxs"></c-avatar>
				<c-avatar img="http://protosite.rocks/pictures/ava-2.gif" size="xs"></c-avatar>
				<c-avatar img="http://protosite.rocks/pictures/ava-4.gif" size="sm"></c-avatar>
			</section>
			<br>
			<c-avatar img="http://protosite.rocks/pictures/ava-2.gif" size="md"></c-avatar>
			<br><br>
			<section class="c-panel">
				<c-avatar img="http://protosite.rocks/pictures/ava-4.gif" size="lg"></c-avatar>
				<c-avatar img="http://protosite.rocks/pictures/ava-2.gif" size="xl"></c-avatar>
				<c-avatar img="http://protosite.rocks/pictures/ava-4.gif" size="xxl"></c-avatar>
			</section>
		</main>
	

</body></html>"
`;
